Server=nginx/1.10.3 (Ubuntu)
#####DATE
Content-Type=application/json; charset=utf-8
Transfer-Encoding=chunked
Connection=keep-alive
Vary=Accept-Encoding
X-Powered-By=Express
#####ETag
Content-Encoding=gzip

{
    "meta": {
        "code": 200,
        "msg": "success"
    },
    "dataRoot": [
        {
            "id": 1272950,
            "image": {
                "xs": "http://image.femaledaily.com/dyn/100/images/post/17d8e7c864ccf8b39b0f95cfff0317b7.jpg",
                "s": "http://image.femaledaily.com/dyn/320/images/post/17d8e7c864ccf8b39b0f95cfff0317b7.jpg",
                "m": "http://image.femaledaily.com/dyn/640/images/post/17d8e7c864ccf8b39b0f95cfff0317b7.jpg",
                "l": "http://image.femaledaily.com/dyn/800/images/post/17d8e7c864ccf8b39b0f95cfff0317b7.jpg"
            },
            "caption": "Drama bgt sumpah beli di charis lwat alfa, karna merchant yg d tuju gak ada.. nympe akhirny gak kbagian romand yg tnggal byar 8.5k kmren.. Dan ganti ini, yaudah kpn lagi dpt 3ce cuma byar ongkir 22k",
            "type": "t",
            "user": {
                "id": 77573,
                "username": "erikadr",
                "email": "erika.rahmadhanti@gmail.com",
                "fullname": "erika dwi rahmadhanti",
                "profile_picture": "http://image.femaledaily.com/dyn/480/images/user-pics/c375b8372f4d444f17cd6e3f2830302b.jpg",
                "is_verified": false
            },
            "total_product": 1,
            "products": [
                
            ],
            "created_at": "2019-09-01 05:12:01",
            "updated_at": "2019-09-01 08:34:32",
            "total_like": 7,
            "total_comment": 0,
            "is_liked": false,
            "is_follow": true
        },
        {
            "id": 1272256,
            "image": {
                "xs": "http://image.femaledaily.com/dyn/100/images/post/b4355c981c19001c858ae639f2b9d257.jpg",
                "s": "http://image.femaledaily.com/dyn/320/images/post/b4355c981c19001c858ae639f2b9d257.jpg",
                "m": "http://image.femaledaily.com/dyn/640/images/post/b4355c981c19001c858ae639f2b9d257.jpg",
                "l": "http://image.femaledaily.com/dyn/800/images/post/b4355c981c19001c858ae639f2b9d257.jpg"
            },
            "caption": "Jadi gini mba.....",
            "type": "ug",
            "user": {
                "id": 110078,
                "username": "pagitahn",
                "email": "hirdanopmapagattari@gmail.com",
                "fullname": "Hirda Nopma Pagattari",
                "profile_picture": "https://s3-ap-southeast-1.amazonaws.com/assets.femaledaily.com/images/user-pics/346f5a74c2178eb62341008363e561f4.jpg",
                "is_verified": false
            },
            "total_product": 0,
            "products": [
                
            ],
            "created_at": "2019-08-31 16:31:39",
            "updated_at": "2019-08-31 22:38:08",
            "total_like": 1,
            "total_comment": 0,
            "is_liked": false,
            "is_follow": true
        },
        {
            "id": 1272236,
            "image": {
                "xs": "http://image.femaledaily.com/dyn/100/images/post/27bb92635d8619579c7246cd8c38836b.jpg",
                "s": "http://image.femaledaily.com/dyn/320/images/post/27bb92635d8619579c7246cd8c38836b.jpg",
                "m": "http://image.femaledaily.com/dyn/640/images/post/27bb92635d8619579c7246cd8c38836b.jpg",
                "l": "http://image.femaledaily.com/dyn/800/images/post/27bb92635d8619579c7246cd8c38836b.jpg"
            },
            "caption": "Udah lama ga dandan full kayak gini. Selalu yang bermasalah lighting, karna seringnya dandan bagus dimalam hari dan hp ga memadai.",
            "type": "t",
            "user": {
                "id": 110078,
                "username": "pagitahn",
                "email": "hirdanopmapagattari@gmail.com",
                "fullname": "Hirda Nopma Pagattari",
                "profile_picture": "https://s3-ap-southeast-1.amazonaws.com/assets.femaledaily.com/images/user-pics/346f5a74c2178eb62341008363e561f4.jpg",
                "is_verified": false
            },
            "total_product": 1,
            "products": [
                
            ],
            "created_at": "2019-08-31 16:20:33",
            "updated_at": "2019-09-01 03:10:49",
            "total_like": 3,
            "total_comment": 0,
            "is_liked": false,
            "is_follow": true
        },
        {
            "id": 1272165,
            "image": {
                "xs": "http://image.femaledaily.com/dyn/100/images/prod-pics/product_1449040048_winner_mak_800x800.jpg",
                "s": "http://image.femaledaily.com/dyn/320/images/prod-pics/product_1449040048_winner_mak_800x800.jpg",
                "m": "http://image.femaledaily.com/dyn/640/images/prod-pics/product_1449040048_winner_mak_800x800.jpg",
                "l": "http://image.femaledaily.com/dyn/800/images/prod-pics/product_1449040048_winner_mak_800x800.jpg"
            },
            "caption": "",
            "type": "r",
            "user": {
                "id": 463835,
                "username": "Falasifah18",
                "email": "Falasifah993@gmail.com",
                "fullname": "Falasifah ikhwan",
                "profile_picture": "http://image.femaledaily.com/images/prod-pics/product_1551772725879Falasifah-ikhwanjpg",
                "is_verified": false
            },
            "total_product": 1,
            "products": [
                {
                    "id": 358,
                    "name": "HD Pro Conceal",
                    "slug": "hd-pro-conceal-14",
                    "image": "http://image.femaledaily.com/dyn/500/images/prod-pics/product_1449040048_winner_mak_800x800.jpg",
                    "shade": "",
                    "category": {
                        "id": 33,
                        "name": "Concealer",
                        "slug": "concealer"
                    },
                    "brand": {
                        "id": 219,
                        "name": "L.A. Girl",
                        "slug": "la-girl"
                    },
                    "currency": "IDR",
                    "price": 70000,
                    "total_review": 538,
                    "rating_avg": 3.9,
                    "packaging_avg": 3.6,
                    "created_at": "2013-12-17 17:30:43",
                    "updated_at": "2018-01-27 02:53:23",
                    "reviews": [
                        {
                            "id": 1084339,
                            "review_id": 358,
                            "user_id": 463835,
                            "text": "ini kayaknya concealer sejuta umat ya. soalnya duluuu banget sebelum kita kenal banyak drugstore concealer, L.A girl paling laris sama concealernya yg punya banyaaaakkk Bangetbangeeeeeeetttt warna. . .",
                            "rating": 3,
                            "package": 3,
                            "created_at": "2019-08-31 15:39:21",
                            "updated_at": "2019-08-31 15:39:21",
                            "total_likes": 1,
                            "total_comments": 0,
                            "is_liked": false
                        }
                    ]
                }
            ],
            "created_at": "2019-08-31 15:39:21",
            "updated_at": "2019-08-31 15:39:21",
            "total_like": 0,
            "total_comment": 0,
            "is_liked": false,
            "is_follow": true
        },
        {
            "id": 1271960,
            "image": {
                "xs": "http://image.femaledaily.com/dyn/100/images/post/8aa7910ee7b9ac7583d38c0ac3fd7d44.jpg",
                "s": "http://image.femaledaily.com/dyn/320/images/post/8aa7910ee7b9ac7583d38c0ac3fd7d44.jpg",
                "m": "http://image.femaledaily.com/dyn/640/images/post/8aa7910ee7b9ac7583d38c0ac3fd7d44.jpg",
                "l": "http://image.femaledaily.com/dyn/800/images/post/8aa7910ee7b9ac7583d38c0ac3fd7d44.jpg"
            },
            "caption": "ðŸ˜­ðŸ˜­ðŸ˜­",
            "type": "t",
            "user": {
                "id": 77573,
                "username": "erikadr",
                "email": "erika.rahmadhanti@gmail.com",
                "fullname": "erika dwi rahmadhanti",
                "profile_picture": "http://image.femaledaily.com/dyn/480/images/user-pics/c375b8372f4d444f17cd6e3f2830302b.jpg",
                "is_verified": false
            },
            "total_product": 1,
            "products": [
                
            ],
            "created_at": "2019-08-31 13:08:56",
            "updated_at": "2019-09-01 00:23:57",
            "total_like": 8,
            "total_comment": 5,
            "is_liked": false,
            "is_follow": true
        },
        {
            "id": 1271920,
            "image": {
                "xs": "http://image.femaledaily.com/dyn/100/images/prod-pics/product_1565605089_Garnier__800x800.png",
                "s": "http://image.femaledaily.com/dyn/320/images/prod-pics/product_1565605089_Garnier__800x800.png",
                "m": "http://image.femaledaily.com/dyn/640/images/prod-pics/product_1565605089_Garnier__800x800.png",
                "l": "http://image.femaledaily.com/dyn/800/images/prod-pics/product_1565605089_Garnier__800x800.png"
            },
            "caption": "",
            "type": "r",
            "user": {
                "id": 77573,
                "username": "erikadr",
                "email": "erika.rahmadhanti@gmail.com",
                "fullname": "erika dwi rahmadhanti",
                "profile_picture": "http://image.femaledaily.com/dyn/480/images/user-pics/c375b8372f4d444f17cd6e3f2830302b.jpg",
                "is_verified": false
            },
            "total_product": 1,
            "products": [
                {
                    "id": 31282,
                    "name": "Serum Mask Hydra Bomb Pomegranate",
                    "slug": "moisture-bomb-tissue-mask-46",
                    "image": "http://image.femaledaily.com/dyn/500/images/prod-pics/product_1565605089_Garnier__800x800.png",
                    "shade": "",
                    "category": {
                        "id": 145,
                        "name": "Mask Sheet",
                        "slug": "mask-sheet"
                    },
                    "brand": {
                        "id": 113,
                        "name": "Garnier",
                        "slug": "garnier"
                    },
                    "currency": "IDR",
                    "price": 18000,
                    "total_review": 268,
                    "rating_avg": 4.1,
                    "packaging_avg": 4.2,
                    "created_at": "2018-04-02 21:55:46",
                    "updated_at": "2019-07-30 11:19:59",
                    "reviews": [
                        {
                            "id": 1084185,
                            "review_id": 31282,
                            "user_id": 77573,
                            "text": "Diantara masker garnier yang udah pernah ku coba.. yang varian ini paling aman untuk kulit ku, gak bikin perih di kulit dan lembab nya juga dapet. Mungkin kalau repurchase bkalan beli yang ini. ðŸ˜šðŸ˜šðŸ˜š",
                            "rating": 5,
                            "package": 5,
                            "created_at": "2019-08-31 12:47:07",
                            "updated_at": "2019-08-31 12:47:07",
                            "total_likes": 5,
                            "total_comments": 0,
                            "is_liked": false
                        }
                    ]
                }
            ],
            "created_at": "2019-08-31 12:47:07",
            "updated_at": "2019-08-31 12:47:07",
            "total_like": 0,
            "total_comment": 0,
            "is_liked": false,
            "is_follow": true
        },
        {
            "id": 1271649,
            "image": {
                "xs": "http://image.femaledaily.com/dyn/100/images/post/6a49b58947a332ba042e197b4f5d69df.jpg",
                "s": "http://image.femaledaily.com/dyn/320/images/post/6a49b58947a332ba042e197b4f5d69df.jpg",
                "m": "http://image.femaledaily.com/dyn/640/images/post/6a49b58947a332ba042e197b4f5d69df.jpg",
                "l": "http://image.femaledaily.com/dyn/800/images/post/6a49b58947a332ba042e197b4f5d69df.jpg"
            },
            "caption": "bisa diliat banget yah disini di pipi aku tuh buanyaaak bgt kecil kecil kyk gini loh, trs juga sering merah.. tekstur muka uda sangat jauh mendingan.. senangnyaðŸ˜š\nbtw maafkan ini warnanya beda bgt, satunya indoor n outdoor.. hahah!\n",
            "type": "ug",
            "user": {
                "id": 518288,
                "username": "kezioo",
                "email": "kezia.anggreni@gmail.com",
                "fullname": "kezioo",
                "profile_picture": "https://s3-ap-southeast-1.amazonaws.com/assets.femaledaily.com/images/user-pics/3827f0060dd80abb0ebb068e1a0cbace.jpg",
                "is_verified": false
            },
            "total_product": 0,
            "products": [
                
            ],
            "created_at": "2019-08-31 09:35:10",
            "updated_at": "2019-09-01 01:10:08",
            "total_like": 3,
            "total_comment": 2,
            "is_liked": false,
            "is_follow": true
        },
        {
            "id": 1271645,
            "image": {
                "xs": "http://image.femaledaily.com/dyn/100/images/post/c518e381befb0129209307b40dc380f5.jpg",
                "s": "http://image.femaledaily.com/dyn/320/images/post/c518e381befb0129209307b40dc380f5.jpg",
                "m": "http://image.femaledaily.com/dyn/640/images/post/c518e381befb0129209307b40dc380f5.jpg",
                "l": "http://image.femaledaily.com/dyn/800/images/post/c518e381befb0129209307b40dc380f5.jpg"
            },
            "caption": "trs bekas jerawat memang jd peer untuk selama lamanyaaa, hyperpigmentation goes and comes again (living with acne prone skinðŸ˜…)\ncuma yg aku lingkarin itu uda jauh memudar yah, trs ada bekas bekas jerawat baru lainnya yg menanti untuk pudar jg hahaha.. \nyou just need to love yourself just the way you areðŸ˜š",
            "type": "ug",
            "user": {
                "id": 518288,
                "username": "kezioo",
                "email": "kezia.anggreni@gmail.com",
                "fullname": "kezioo",
                "profile_picture": "https://s3-ap-southeast-1.amazonaws.com/assets.femaledaily.com/images/user-pics/3827f0060dd80abb0ebb068e1a0cbace.jpg",
                "is_verified": false
            },
            "total_product": 0,
            "products": [
                
            ],
            "created_at": "2019-08-31 09:33:48",
            "updated_at": "2019-09-01 03:26:58",
            "total_like": 3,
            "total_comment": 2,
            "is_liked": false,
            "is_follow": true
        },
        {
            "id": 1271643,
            "image": {
                "xs": "http://image.femaledaily.com/dyn/100/images/post/883c0431058902101a7d05d4064391f9.jpg",
                "s": "http://image.femaledaily.com/dyn/320/images/post/883c0431058902101a7d05d4064391f9.jpg",
                "m": "http://image.femaledaily.com/dyn/640/images/post/883c0431058902101a7d05d4064391f9.jpg",
                "l": "http://image.femaledaily.com/dyn/800/images/post/883c0431058902101a7d05d4064391f9.jpg"
            },
            "caption": "WHOAAA! ga kerasa udah 5 bulan aku lepas dari krim dokter dan start skincare sendiri!! dari awal april sampe sekarang!\nbahagiaa bgt tentunyaaa ga nyangka bisa berhenti dari krim dokter hahah! ðŸ¥°\ninget bangeeet awal awal start skincare masih ga ngerti apa apa, dan breakout sana sini hahaha.. tp it worth guys! beneran! sampe skarang pun masih jatuh bangun kok, proses belajar masihðŸ˜…\njd aku mau posting kondisi muka aku yg jauh udah lebih mendingan drpd dulu, inget yah jgn compare journey km sama oranglain tp sama diri km sendiri heheheðŸ˜¬\nga ngerti kenapa kok gada foto dari april yah, aku cari cari mulai dari juni baru foto dong.. itupun males soalnya kyk jeleeeek bgt ngerasanya nih muka hahaha..",
            "type": "ug",
            "user": {
                "id": 518288,
                "username": "kezioo",
                "email": "kezia.anggreni@gmail.com",
                "fullname": "kezioo",
                "profile_picture": "https://s3-ap-southeast-1.amazonaws.com/assets.femaledaily.com/images/user-pics/3827f0060dd80abb0ebb068e1a0cbace.jpg",
                "is_verified": false
            },
            "total_product": 0,
            "products": [
                
            ],
            "created_at": "2019-08-31 09:32:40",
            "updated_at": "2019-09-01 08:14:02",
            "total_like": 4,
            "total_comment": 0,
            "is_liked": false,
            "is_follow": true
        },
        {
            "id": 1270286,
            "image": {
                "xs": "http://image.femaledaily.com/dyn/100/images/post/3057a69f7ae30bf914608aad0a4e1e71.jpg",
                "s": "http://image.femaledaily.com/dyn/320/images/post/3057a69f7ae30bf914608aad0a4e1e71.jpg",
                "m": "http://image.femaledaily.com/dyn/640/images/post/3057a69f7ae30bf914608aad0a4e1e71.jpg",
                "l": "http://image.femaledaily.com/dyn/800/images/post/3057a69f7ae30bf914608aad0a4e1e71.jpg"
            },
            "caption": "yang selalu terjadi sama blush on emina:\n1. tutup gampang patah\n2. produknya pecah sendiri kalo udah tinggal dikit",
            "type": "t",
            "user": {
                "id": 212910,
                "username": "arndx_",
                "email": "ariana.dyh@hotmail.com",
                "fullname": "Ariana Dyah A",
                "profile_picture": "https://s3-ap-southeast-1.amazonaws.com/assets.femaledaily.com/images/user-pics/03dae4cebdf960f4b872f9094ef5461c.jpg",
                "is_verified": false
            },
            "total_product": 1,
            "products": [
                
            ],
            "created_at": "2019-08-30 12:45:35",
            "updated_at": "2019-09-01 07:18:55",
            "total_like": 10,
            "total_comment": 2,
            "is_liked": false,
            "is_follow": true
        }
    ],
    "pagination": {
        "limit": 10,
        "next_id": 1270286
    }
}